Archive member included because of file (symbol)

c:/program files (x86)/gnu tools arm embedded/4.8 2014q3/bin/../lib/gcc/arm-none-eabi/4.8.4/../../../../arm-none-eabi/lib/armv7e-m/fpu\libg_s.a(lib_a-errno.o)
                              ./system/src/newlib/_sbrk.o (__errno)
c:/program files (x86)/gnu tools arm embedded/4.8 2014q3/bin/../lib/gcc/arm-none-eabi/4.8.4/../../../../arm-none-eabi/lib/armv7e-m/fpu\libg_s.a(lib_a-impure.o)
                              c:/program files (x86)/gnu tools arm embedded/4.8 2014q3/bin/../lib/gcc/arm-none-eabi/4.8.4/../../../../arm-none-eabi/lib/armv7e-m/fpu\libg_s.a(lib_a-errno.o) (_impure_ptr)
c:/program files (x86)/gnu tools arm embedded/4.8 2014q3/bin/../lib/gcc/arm-none-eabi/4.8.4/../../../../arm-none-eabi/lib/armv7e-m/fpu\libg_s.a(lib_a-strlen.o)
                              ./system/src/diag/Trace.o (strlen)
c:/program files (x86)/gnu tools arm embedded/4.8 2014q3/bin/../lib/gcc/arm-none-eabi/4.8.4/../../../../arm-none-eabi/lib/armv7e-m/fpu\libg_s.a(lib_a-vsnprintf.o)
                              ./system/src/diag/Trace.o (vsnprintf)
c:/program files (x86)/gnu tools arm embedded/4.8 2014q3/bin/../lib/gcc/arm-none-eabi/4.8.4/../../../../arm-none-eabi/lib/armv7e-m/fpu\libg_s.a(lib_a-svfprintf.o)
                              c:/program files (x86)/gnu tools arm embedded/4.8 2014q3/bin/../lib/gcc/arm-none-eabi/4.8.4/../../../../arm-none-eabi/lib/armv7e-m/fpu\libg_s.a(lib_a-vsnprintf.o) (_svfprintf_r)
c:/program files (x86)/gnu tools arm embedded/4.8 2014q3/bin/../lib/gcc/arm-none-eabi/4.8.4/../../../../arm-none-eabi/lib/armv7e-m/fpu\libg_s.a(lib_a-vfprintf_i.o)
                              c:/program files (x86)/gnu tools arm embedded/4.8 2014q3/bin/../lib/gcc/arm-none-eabi/4.8.4/../../../../arm-none-eabi/lib/armv7e-m/fpu\libg_s.a(lib_a-svfprintf.o) (_printf_i)
c:/program files (x86)/gnu tools arm embedded/4.8 2014q3/bin/../lib/gcc/arm-none-eabi/4.8.4/../../../../arm-none-eabi/lib/armv7e-m/fpu\libg_s.a(lib_a-memchr-stub.o)
                              c:/program files (x86)/gnu tools arm embedded/4.8 2014q3/bin/../lib/gcc/arm-none-eabi/4.8.4/../../../../arm-none-eabi/lib/armv7e-m/fpu\libg_s.a(lib_a-svfprintf.o) (memchr)
c:/program files (x86)/gnu tools arm embedded/4.8 2014q3/bin/../lib/gcc/arm-none-eabi/4.8.4/../../../../arm-none-eabi/lib/armv7e-m/fpu\libg_s.a(lib_a-memcpy-stub.o)
                              c:/program files (x86)/gnu tools arm embedded/4.8 2014q3/bin/../lib/gcc/arm-none-eabi/4.8.4/../../../../arm-none-eabi/lib/armv7e-m/fpu\libg_s.a(lib_a-svfprintf.o) (memcpy)
c:/program files (x86)/gnu tools arm embedded/4.8 2014q3/bin/../lib/gcc/arm-none-eabi/4.8.4/../../../../arm-none-eabi/lib/armv7e-m/fpu\libg_s.a(lib_a-memmove.o)
                              c:/program files (x86)/gnu tools arm embedded/4.8 2014q3/bin/../lib/gcc/arm-none-eabi/4.8.4/../../../../arm-none-eabi/lib/armv7e-m/fpu\libg_s.a(lib_a-svfprintf.o) (memmove)
c:/program files (x86)/gnu tools arm embedded/4.8 2014q3/bin/../lib/gcc/arm-none-eabi/4.8.4/../../../../arm-none-eabi/lib/armv7e-m/fpu\libg_s.a(lib_a-nano-freer.o)
                              c:/program files (x86)/gnu tools arm embedded/4.8 2014q3/bin/../lib/gcc/arm-none-eabi/4.8.4/../../../../arm-none-eabi/lib/armv7e-m/fpu\libg_s.a(lib_a-svfprintf.o) (_free_r)
c:/program files (x86)/gnu tools arm embedded/4.8 2014q3/bin/../lib/gcc/arm-none-eabi/4.8.4/../../../../arm-none-eabi/lib/armv7e-m/fpu\libg_s.a(lib_a-nano-mallocr.o)
                              c:/program files (x86)/gnu tools arm embedded/4.8 2014q3/bin/../lib/gcc/arm-none-eabi/4.8.4/../../../../arm-none-eabi/lib/armv7e-m/fpu\libg_s.a(lib_a-svfprintf.o) (_malloc_r)
c:/program files (x86)/gnu tools arm embedded/4.8 2014q3/bin/../lib/gcc/arm-none-eabi/4.8.4/../../../../arm-none-eabi/lib/armv7e-m/fpu\libg_s.a(lib_a-nano-reallocr.o)
                              c:/program files (x86)/gnu tools arm embedded/4.8 2014q3/bin/../lib/gcc/arm-none-eabi/4.8.4/../../../../arm-none-eabi/lib/armv7e-m/fpu\libg_s.a(lib_a-svfprintf.o) (_realloc_r)
c:/program files (x86)/gnu tools arm embedded/4.8 2014q3/bin/../lib/gcc/arm-none-eabi/4.8.4/../../../../arm-none-eabi/lib/armv7e-m/fpu\libg_s.a(lib_a-sbrkr.o)
                              c:/program files (x86)/gnu tools arm embedded/4.8 2014q3/bin/../lib/gcc/arm-none-eabi/4.8.4/../../../../arm-none-eabi/lib/armv7e-m/fpu\libg_s.a(lib_a-nano-mallocr.o) (_sbrk_r)
c:/program files (x86)/gnu tools arm embedded/4.8 2014q3/bin/../lib/gcc/arm-none-eabi/4.8.4/../../../../arm-none-eabi/lib/armv7e-m/fpu\libg_s.a(lib_a-nano-msizer.o)
                              c:/program files (x86)/gnu tools arm embedded/4.8 2014q3/bin/../lib/gcc/arm-none-eabi/4.8.4/../../../../arm-none-eabi/lib/armv7e-m/fpu\libg_s.a(lib_a-nano-reallocr.o) (_malloc_usable_size_r)

Allocating common symbols
Common symbol       size              file

timer_delayCount    0x4               ./src/Timer.o
errno               0x4               ./system/src/newlib/_syscalls.o
[...]
Memory Configuration

Name             Origin             Length             Attributes
RAM              0x20000000         0x00020000         xrw
CCMRAM           0x10000000         0x00010000         xrw
FLASH            0x08000000         0x00100000         xr
FLASHB1          0x00000000         0x00000000         xr
EXTMEMB0         0x00000000         0x00000000         xr
EXTMEMB1         0x00000000         0x00000000         xr
EXTMEMB2         0x00000000         0x00000000         xr
EXTMEMB3         0x00000000         0x00000000         xr
MEMORY_ARRAY     0x20002000         0x00000020         xrw
*default*        0x00000000         0xffffffff

Linker script and memory map

LOAD ./system/src/stm32f4-hal/stm32f4xx_hal.o
LOAD ./system/src/stm32f4-hal/stm32f4xx_hal_cortex.o
LOAD ./system/src/stm32f4-hal/stm32f4xx_hal_flash.o
LOAD ./system/src/stm32f4-hal/stm32f4xx_hal_flash_ex.o
LOAD ./system/src/stm32f4-hal/stm32f4xx_hal_flash_ramfunc.o
LOAD ./system/src/stm32f4-hal/stm32f4xx_hal_gpio.o
LOAD ./system/src/stm32f4-hal/stm32f4xx_hal_iwdg.o
LOAD ./system/src/stm32f4-hal/stm32f4xx_hal_pcd_ex.o
LOAD ./system/src/stm32f4-hal/stm32f4xx_hal_pwr.o
LOAD ./system/src/stm32f4-hal/stm32f4xx_hal_pwr_ex.o
LOAD ./system/src/stm32f4-hal/stm32f4xx_hal_rcc.o
LOAD ./system/src/stm32f4-hal/stm32f4xx_hal_rcc_ex.o
LOAD ./system/src/newlib/_cxx.o
LOAD ./system/src/newlib/_exit.o
LOAD ./system/src/newlib/_sbrk.o
LOAD ./system/src/newlib/_startup.o
LOAD ./system/src/newlib/_syscalls.o
LOAD ./system/src/newlib/_write.o
LOAD ./system/src/newlib/assert.o
LOAD ./system/src/diag/Trace.o
LOAD ./system/src/diag/trace_impl.o
LOAD ./system/src/cortexm/_initialize_hardware.o
LOAD ./system/src/cortexm/_reset_hardware.o
LOAD ./system/src/cortexm/exception_handlers.o
LOAD ./system/src/cmsis/system_stm32f4xx.o
LOAD ./system/src/cmsis/vectors_stm32f4xx.o
LOAD ./src/BlinkLed.o
LOAD ./src/Timer.o
LOAD ./src/_initialize_hardware.o
LOAD ./src/main.o
LOAD c:/program files (x86)/gnu tools arm embedded/4.8 2014q3/bin/../lib/gcc/arm-none-eabi/4.8.4/../../../../arm-none-eabi/lib/armv7e-m/fpu\libstdc++_s.a
LOAD c:/program files (x86)/gnu tools arm embedded/4.8 2014q3/bin/../lib/gcc/arm-none-eabi/4.8.4/../../../../arm-none-eabi/lib/armv7e-m/fpu\libm.a
START GROUP
LOAD c:/program files (x86)/gnu tools arm embedded/4.8 2014q3/bin/../lib/gcc/arm-none-eabi/4.8.4/armv7e-m/fpu\libgcc.a
LOAD c:/program files (x86)/gnu tools arm embedded/4.8 2014q3/bin/../lib/gcc/arm-none-eabi/4.8.4/../../../../arm-none-eabi/lib/armv7e-m/fpu\libg_s.a
LOAD c:/program files (x86)/gnu tools arm embedded/4.8 2014q3/bin/../lib/gcc/arm-none-eabi/4.8.4/../../../../arm-none-eabi/lib/armv7e-m/fpu\libc_s.a
END GROUP
START GROUP
LOAD c:/program files (x86)/gnu tools arm embedded/4.8 2014q3/bin/../lib/gcc/arm-none-eabi/4.8.4/armv7e-m/fpu\libgcc.a
LOAD c:/program files (x86)/gnu tools arm embedded/4.8 2014q3/bin/../lib/gcc/arm-none-eabi/4.8.4/../../../../arm-none-eabi/lib/armv7e-m/fpu\libc_s.a
END GROUP
                0x20020000                __stack = (ORIGIN (RAM) + 0x20000)
                0x20020000                _estack = __stack
                0x00000400                __Main_Stack_Size = 0x400
                0x00000400                PROVIDE (_Main_Stack_Size, __Main_Stack_Size)
                0x2001fc00                __Main_Stack_Limit = (__stack - __Main_Stack_Size)
                0x2001fc00                PROVIDE (_Main_Stack_Limit, __Main_Stack_Limit)
                0x00000100                _Minimum_Stack_Size = 0x100
                0x2000011c                PROVIDE (_Heap_Begin, _end_noinit)
                0x2001fc00                PROVIDE (_Heap_Limit, (__stack - __Main_Stack_Size))

.isr_vector     0x08000000      0x2c4
                0x08000000                . = ALIGN (0x4)
 *(.isr_vector)
 .isr_vector    0x08000000      0x188 ./system/src/cmsis/vectors_stm32f4xx.o
                0x08000000                __isr_vectors
 *(.cfmconfig)
 *(.after_vectors .after_vectors.*)
 .after_vectors
                0x08000188      0x10c ./system/src/newlib/_startup.o
                0x08000188                _start
 .after_vectors
                0x08000294       0x2c ./system/src/cortexm/exception_handlers.o
                0x08000294                Reset_Handler
                0x0800029c                NMI_Handler
                0x080002a0                HardFault_Handler
                0x080002a4                MemManage_Handler
                0x080002a8                BusFault_Handler
                0x080002ac                UsageFault_Handler
                0x080002b0                SVC_Handler
                0x080002b4                DebugMon_Handler
                0x080002b8                PendSV_Handler
 .after_vectors
                0x080002c0        0x4 ./system/src/cmsis/vectors_stm32f4xx.o
                0x080002c0                RTC_Alarm_IRQHandler
                0x080002c0                HASH_RNG_IRQHandler
                0x080002c0                EXTI2_IRQHandler
                0x080002c0                TIM8_CC_IRQHandler
                0x080002c0                SPI4_IRQHandler
                0x080002c0                TIM1_CC_IRQHandler
                0x080002c0                DMA2_Stream5_IRQHandler
                0x080002c0                DMA1_Stream5_IRQHandler
                0x080002c0                PVD_IRQHandler
                0x080002c0                SDIO_IRQHandler
                0x080002c0                TAMP_STAMP_IRQHandler
                0x080002c0                CAN2_RX1_IRQHandler
                0x080002c0                EXTI3_IRQHandler
                0x080002c0                TIM8_TRG_COM_TIM14_IRQHandler
                0x080002c0                TIM1_UP_TIM10_IRQHandler
                0x080002c0                TIM8_UP_TIM13_IRQHandler
                0x080002c0                I2C3_ER_IRQHandler
                0x080002c0                EXTI0_IRQHandler
                0x080002c0                I2C2_EV_IRQHandler
                0x080002c0                DMA1_Stream2_IRQHandler
                0x080002c0                CAN1_RX0_IRQHandler
                0x080002c0                FPU_IRQHandler
                0x080002c0                OTG_HS_WKUP_IRQHandler
                0x080002c0                CAN2_SCE_IRQHandler
                0x080002c0                DMA2_Stream2_IRQHandler
                0x080002c0                SPI1_IRQHandler
                0x080002c0                TIM6_DAC_IRQHandler
                0x080002c0                TIM1_BRK_TIM9_IRQHandler
                0x080002c0                DCMI_IRQHandler
                0x080002c0                CAN2_RX0_IRQHandler
                0x080002c0                DMA2_Stream3_IRQHandler
                0x080002c0                USART6_IRQHandler
                0x080002c0                USART3_IRQHandler
                0x080002c0                CRYP_IRQHandler
                0x080002c0                CAN1_RX1_IRQHandler
                0x080002c0                UART5_IRQHandler
                0x080002c0                DMA2_Stream0_IRQHandler
                0x080002c0                TIM4_IRQHandler
                0x080002c0                I2C1_EV_IRQHandler
                0x080002c0                DMA1_Stream6_IRQHandler
                0x080002c0                DMA1_Stream1_IRQHandler
                0x080002c0                UART4_IRQHandler
                0x080002c0                TIM3_IRQHandler
                0x080002c0                RCC_IRQHandler
                0x080002c0                TIM8_BRK_TIM12_IRQHandler
                0x080002c0                Default_Handler
                0x080002c0                EXTI15_10_IRQHandler
                0x080002c0                ADC_IRQHandler
                0x080002c0                DMA1_Stream7_IRQHandler
                0x080002c0                SPI5_IRQHandler
                0x080002c0                TIM7_IRQHandler
                0x080002c0                CAN2_TX_IRQHandler
                0x080002c0                TIM5_IRQHandler
                0x080002c0                DMA2_Stream7_IRQHandler
                0x080002c0                I2C3_EV_IRQHandler
                0x080002c0                EXTI9_5_IRQHandler
                0x080002c0                RTC_WKUP_IRQHandler
                0x080002c0                ETH_WKUP_IRQHandler
                0x080002c0                SPI2_IRQHandler
                0x080002c0                OTG_HS_EP1_IN_IRQHandler
                0x080002c0                DMA1_Stream0_IRQHandler
                0x080002c0                CAN1_TX_IRQHandler
                0x080002c0                EXTI4_IRQHandler
                0x080002c0                FSMC_IRQHandler
                0x080002c0                ETH_IRQHandler
                0x080002c0                OTG_HS_EP1_OUT_IRQHandler
                0x080002c0                WWDG_IRQHandler
                0x080002c0                TIM2_IRQHandler
                0x080002c0                OTG_FS_WKUP_IRQHandler
                0x080002c0                TIM1_TRG_COM_TIM11_IRQHandler
                0x080002c0                OTG_HS_IRQHandler
                0x080002c0                EXTI1_IRQHandler
                0x080002c0                USART2_IRQHandler
                0x080002c0                I2C2_ER_IRQHandler
                0x080002c0                DMA2_Stream1_IRQHandler
                0x080002c0                CAN1_SCE_IRQHandler
                0x080002c0                FLASH_IRQHandler
                0x080002c0                DMA2_Stream4_IRQHandler
                0x080002c0                USART1_IRQHandler
                0x080002c0                OTG_FS_IRQHandler
                0x080002c0                SPI3_IRQHandler
                0x080002c0                DMA1_Stream4_IRQHandler
                0x080002c0                I2C1_ER_IRQHandler
                0x080002c0                DMA2_Stream6_IRQHandler
                0x080002c0                DMA1_Stream3_IRQHandler
                0x080002c4                . = ALIGN (0x4)

.inits          0x080002c4        0x0
                0x080002c4                . = ALIGN (0x4)
 *(.init)
 *(.fini)
                0x080002c4                . = ALIGN (0x4)
                0x080002c4                PROVIDE (__preinit_array_start, .)
 *(.preinit_array_sysinit .preinit_array_sysinit.*)
 *(.preinit_array_platform .preinit_array_platform.*)
 *(.preinit_array .preinit_array.*)
                0x080002c4                PROVIDE (__preinit_array_end, .)
                0x080002c4                . = ALIGN (0x4)
                0x080002c4                PROVIDE (__init_array_start, .)
 *(SORT(.init_array.*))
 *(.init_array)
                0x080002c4                PROVIDE (__init_array_end, .)
                0x080002c4                . = ALIGN (0x4)
                0x080002c4                PROVIDE (__fini_array_start, .)
 *(SORT(.fini_array.*))
 *(.fini_array)
                0x080002c4                PROVIDE (__fini_array_end, .)
                0x080002c4                . = ALIGN (0x4)

.flashtext      0x080002c4        0x0
                0x080002c4                . = ALIGN (0x4)
 *(.flashtext .flashtext.*)
                0x080002c4                . = ALIGN (0x4)

.text           0x080002c4     0x1a51
                0x080002c4                . = ALIGN (0x4)
 *(.text .text.*)
 .text.HAL_MspInit
                0x080002c4        0x4 ./system/src/stm32f4-hal/stm32f4xx_hal.o
                0x080002c4                HAL_MspInit
 .text.HAL_InitTick
                0x080002c8       0x28 ./system/src/stm32f4-hal/stm32f4xx_hal.o
                0x080002c8                HAL_InitTick
 .text.HAL_Init
                0x080002f0       0x34 ./system/src/stm32f4-hal/stm32f4xx_hal.o
                0x080002f0                HAL_Init
 .text.HAL_GetTick
                0x08000324        0xc ./system/src/stm32f4-hal/stm32f4xx_hal.o
                0x08000324                HAL_GetTick
 .text.HAL_NVIC_SetPriorityGrouping
                0x08000330       0x3c ./system/src/stm32f4-hal/stm32f4xx_hal_cortex.o
                0x08000330                HAL_NVIC_SetPriorityGrouping
 .text.HAL_NVIC_SetPriority
                0x0800036c       0x84 ./system/src/stm32f4-hal/stm32f4xx_hal_cortex.o
                0x0800036c                HAL_NVIC_SetPriority
 .text.HAL_SYSTICK_Config
                0x080003f0       0x2c ./system/src/stm32f4-hal/stm32f4xx_hal_cortex.o
                0x080003f0                HAL_SYSTICK_Config
 .text.HAL_GPIO_Init
                0x0800041c      0x2d4 ./system/src/stm32f4-hal/stm32f4xx_hal_gpio.o
                0x0800041c                HAL_GPIO_Init
 .text.HAL_GPIO_WritePin
                0x080006f0       0x30 ./system/src/stm32f4-hal/stm32f4xx_hal_gpio.o
                0x080006f0                HAL_GPIO_WritePin
 .text.HAL_RCC_OscConfig
                0x08000720      0x4b0 ./system/src/stm32f4-hal/stm32f4xx_hal_rcc.o
                0x08000720                HAL_RCC_OscConfig
 .text.HAL_RCC_ClockConfig
                0x08000bd0      0x350 ./system/src/stm32f4-hal/stm32f4xx_hal_rcc.o
                0x08000bd0                HAL_RCC_ClockConfig
 .text.HAL_RCC_GetSysClockFreq
                0x08000f20       0xb0 ./system/src/stm32f4-hal/stm32f4xx_hal_rcc.o
                0x08000f20                HAL_RCC_GetSysClockFreq
 .text.HAL_RCC_GetHCLKFreq
                0x08000fd0       0x38 ./system/src/stm32f4-hal/stm32f4xx_hal_rcc.o
                0x08000fd0                HAL_RCC_GetHCLKFreq
 .text._exit    0x08001008        0x4 ./system/src/newlib/_exit.o
                0x08001008                _exit
 .text.abort    0x0800100c       0x14 ./system/src/newlib/_exit.o
                0x0800100c                abort
 .text._sbrk    0x08001020       0x44 ./system/src/newlib/_sbrk.o
                0x08001020                _sbrk
 .text.__initialize_args
                0x08001064       0x10 ./system/src/newlib/_syscalls.o
                0x08001064                __initialize_args
 .text.assert_failed
                0x08001074       0x18 ./system/src/newlib/assert.o
                0x08001074                assert_failed
 .text.trace_printf
                0x0800108c       0x34 ./system/src/diag/Trace.o
                0x0800108c                trace_printf
 .text.trace_puts
                0x080010c0       0x20 ./system/src/diag/Trace.o
                0x080010c0                trace_puts
 .text._trace_write_itm
                0x080010e0       0x3c ./system/src/diag/trace_impl.o
 .text.trace_write
                0x0800111c        0x8 ./system/src/diag/trace_impl.o
                0x0800111c                trace_write
 .text.SystemInit
                0x08001124       0x4c ./system/src/cmsis/system_stm32f4xx.o
                0x08001124                SystemInit
 .text.blink_led_init
                0x08001170       0x40 ./src/BlinkLed.o
                0x08001170                blink_led_init
 .text.timer_start
                0x080011b0       0x3c ./src/Timer.o
                0x080011b0                timer_start
 .text.timer_sleep
                0x080011ec       0x14 ./src/Timer.o
                0x080011ec                timer_sleep
 .text.timer_tick
                0x08001200       0x14 ./src/Timer.o
                0x08001200                timer_tick
 .text.SysTick_Handler
                0x08001214        0x8 ./src/Timer.o
                0x08001214                SysTick_Handler
 .text.configure_system_clock
                0x0800121c       0x68 ./src/_initialize_hardware.o
                0x0800121c                configure_system_clock
 .text.__initialize_hardware
                0x08001284       0x24 ./src/_initialize_hardware.o
                0x08001284                __initialize_hardware
 .text.main     0x080012a8       0x68 ./src/main.o
                0x080012a8                main
 .text.__errno  0x08001310        0xc c:/program files (x86)/gnu tools arm embedded/4.8 2014q3/bin/../lib/gcc/arm-none-eabi/4.8.4/../../../../arm-none-eabi/lib/armv7e-m/fpu\libg_s.a(lib_a-errno.o)
                0x08001310                __errno
 .text.strlen   0x0800131c       0x10 c:/program files (x86)/gnu tools arm embedded/4.8 2014q3/bin/../lib/gcc/arm-none-eabi/4.8.4/../../../../arm-none-eabi/lib/armv7e-m/fpu\libg_s.a(lib_a-strlen.o)
                0x0800131c                strlen
 .text._vsnprintf_r
                0x0800132c       0x52 c:/program files (x86)/gnu tools arm embedded/4.8 2014q3/bin/../lib/gcc/arm-none-eabi/4.8.4/../../../../arm-none-eabi/lib/armv7e-m/fpu\libg_s.a(lib_a-vsnprintf.o)
                0x0800132c                _vsniprintf_r
                0x0800132c                _vsnprintf_r
 *fill*         0x0800137e        0x2 
 .text.vsnprintf
                0x08001380       0x20 c:/program files (x86)/gnu tools arm embedded/4.8 2014q3/bin/../lib/gcc/arm-none-eabi/4.8.4/../../../../arm-none-eabi/lib/armv7e-m/fpu\libg_s.a(lib_a-vsnprintf.o)
                0x08001380                vsniprintf
                0x08001380                vsnprintf
 .text.__ssputs_r
                0x080013a0       0xb8 c:/program files (x86)/gnu tools arm embedded/4.8 2014q3/bin/../lib/gcc/arm-none-eabi/4.8.4/../../../../arm-none-eabi/lib/armv7e-m/fpu\libg_s.a(lib_a-svfprintf.o)
                0x080013a0                __ssputs_r
 .text._svfprintf_r
                0x08001458      0x1dc c:/program files (x86)/gnu tools arm embedded/4.8 2014q3/bin/../lib/gcc/arm-none-eabi/4.8.4/../../../../arm-none-eabi/lib/armv7e-m/fpu\libg_s.a(lib_a-svfprintf.o)
                0x08001458                _svfiprintf_r
                0x08001458                _svfprintf_r
 .text._printf_common
                0x08001634       0xe4 c:/program files (x86)/gnu tools arm embedded/4.8 2014q3/bin/../lib/gcc/arm-none-eabi/4.8.4/../../../../arm-none-eabi/lib/armv7e-m/fpu\libg_s.a(lib_a-vfprintf_i.o)
                0x08001634                _printf_common
 .text._printf_i
                0x08001718      0x228 c:/program files (x86)/gnu tools arm embedded/4.8 2014q3/bin/../lib/gcc/arm-none-eabi/4.8.4/../../../../arm-none-eabi/lib/armv7e-m/fpu\libg_s.a(lib_a-vfprintf_i.o)
                0x08001718                _printf_i
 .text.memchr   0x08001940       0x1e c:/program files (x86)/gnu tools arm embedded/4.8 2014q3/bin/../lib/gcc/arm-none-eabi/4.8.4/../../../../arm-none-eabi/lib/armv7e-m/fpu\libg_s.a(lib_a-memchr-stub.o)
                0x08001940                memchr
 .text.memcpy   0x0800195e       0x12 c:/program files (x86)/gnu tools arm embedded/4.8 2014q3/bin/../lib/gcc/arm-none-eabi/4.8.4/../../../../arm-none-eabi/lib/armv7e-m/fpu\libg_s.a(lib_a-memcpy-stub.o)
                0x0800195e                memcpy
 .text.memmove  0x08001970       0x36 c:/program files (x86)/gnu tools arm embedded/4.8 2014q3/bin/../lib/gcc/arm-none-eabi/4.8.4/../../../../arm-none-eabi/lib/armv7e-m/fpu\libg_s.a(lib_a-memmove.o)
                0x08001970                memmove
 *fill*         0x080019a6        0x2 
 .text._free_r  0x080019a8       0x88 c:/program files (x86)/gnu tools arm embedded/4.8 2014q3/bin/../lib/gcc/arm-none-eabi/4.8.4/../../../../arm-none-eabi/lib/armv7e-m/fpu\libg_s.a(lib_a-nano-freer.o)
                0x080019a8                _free_r
 .text._malloc_r
                0x08001a30       0xa8 c:/program files (x86)/gnu tools arm embedded/4.8 2014q3/bin/../lib/gcc/arm-none-eabi/4.8.4/../../../../arm-none-eabi/lib/armv7e-m/fpu\libg_s.a(lib_a-nano-mallocr.o)
                0x08001a30                _malloc_r
 .text._realloc_r
                0x08001ad8       0x4c c:/program files (x86)/gnu tools arm embedded/4.8 2014q3/bin/../lib/gcc/arm-none-eabi/4.8.4/../../../../arm-none-eabi/lib/armv7e-m/fpu\libg_s.a(lib_a-nano-reallocr.o)
                0x08001ad8                _realloc_r
 .text._sbrk_r  0x08001b24       0x20 c:/program files (x86)/gnu tools arm embedded/4.8 2014q3/bin/../lib/gcc/arm-none-eabi/4.8.4/../../../../arm-none-eabi/lib/armv7e-m/fpu\libg_s.a(lib_a-sbrkr.o)
                0x08001b24                _sbrk_r
 .text._malloc_usable_size_r
                0x08001b44       0x12 c:/program files (x86)/gnu tools arm embedded/4.8 2014q3/bin/../lib/gcc/arm-none-eabi/4.8.4/../../../../arm-none-eabi/lib/armv7e-m/fpu\libg_s.a(lib_a-nano-msizer.o)
                0x08001b44                _malloc_usable_size_r
 *(.rodata .rodata.*)
 *fill*         0x08001b56        0x2 
 .rodata.str1.4
                0x08001b58       0x31 ./system/src/stm32f4-hal/stm32f4xx_hal_cortex.o
                                 0x34 (size before relaxing)
 *fill*         0x08001b89        0x3 
 .rodata.str1.4
                0x08001b8c       0x2f ./system/src/stm32f4-hal/stm32f4xx_hal_gpio.o
                                 0x30 (size before relaxing)
 *fill*         0x08001bbb        0x1 
 .rodata.APBAHBPrescTable
                0x08001bbc       0x10 ./system/src/stm32f4-hal/stm32f4xx_hal_rcc.o
                0x08001bbc                APBAHBPrescTable
 .rodata.str1.4
                0x08001bcc       0x2e ./system/src/stm32f4-hal/stm32f4xx_hal_rcc.o
                                 0x30 (size before relaxing)
 *fill*         0x08001bfa        0x2 
 .rodata.str1.4
                0x08001bfc       0x14 ./system/src/newlib/_exit.o
 .rodata.str1.4
                0x08001c10       0x6b ./system/src/newlib/assert.o
                                 0x70 (size before relaxing)
 *fill*         0x08001c7b        0x1 
 .rodata.str1.4
                0x08001c7c       0x2d ./system/src/diag/Trace.o
                                 0x30 (size before relaxing)
 *fill*         0x08001ca9        0x3 
 .rodata.str1.4
                0x08001cac       0x34 ./src/main.o
 .rodata.str1.1
                0x08001ce0        0x2 c:/program files (x86)/gnu tools arm embedded/4.8 2014q3/bin/../lib/gcc/arm-none-eabi/4.8.4/../../../../arm-none-eabi/lib/armv7e-m/fpu\libg_s.a(lib_a-impure.o)
 .rodata.str1.1
                0x08001ce2       0x11 c:/program files (x86)/gnu tools arm embedded/4.8 2014q3/bin/../lib/gcc/arm-none-eabi/4.8.4/../../../../arm-none-eabi/lib/armv7e-m/fpu\libg_s.a(lib_a-svfprintf.o)
 .rodata.str1.1
                0x08001cf3       0x22 c:/program files (x86)/gnu tools arm embedded/4.8 2014q3/bin/../lib/gcc/arm-none-eabi/4.8.4/../../../../arm-none-eabi/lib/armv7e-m/fpu\libg_s.a(lib_a-vfprintf_i.o)
 *(vtable)
 *(.eh_frame*)
 *(.glue_7)
 .glue_7        0x00000000        0x0 linker stubs
 *(.glue_7t)
 .glue_7t       0x00000000        0x0 linker stubs

.vfp11_veneer   0x08001d18        0x0
 .vfp11_veneer  0x00000000        0x0 linker stubs

.v4_bx          0x08001d18        0x0
 .v4_bx         0x00000000        0x0 linker stubs

.iplt           0x08001d18        0x0
 .iplt          0x00000000        0x0 ./system/src/stm32f4-hal/stm32f4xx_hal.o

.rel.dyn        0x08001d18        0x0
 .rel.iplt      0x00000000        0x0 ./system/src/stm32f4-hal/stm32f4xx_hal.o

.ARM.extab
 *(.ARM.extab* .gnu.linkonce.armextab.*)
                0x08001d18                __exidx_start = .

.ARM.exidx
 *(.ARM.exidx* .gnu.linkonce.armexidx.*)
                0x08001d18                __exidx_end = .
                0x08001d18                . = ALIGN (0x4)
                0x08001d18                _etext = .
                0x08001d18                __etext = .
                0x08001d18                _sidata = _etext

.data           0x20000000       0x78 load address 0x08001d18
                0x20000000                . = ALIGN (0x4)
                0x20000000                _sdata = .
                0x20000000                __data_start__ = .
 *(.data_begin .data_begin.*)
 .data_begin    0x20000000        0x4 ./system/src/newlib/_startup.o
 *(.data .data.*)
 .data.argv.4014
                0x20000004        0x8 ./system/src/newlib/_syscalls.o
 .data.SystemCoreClock
                0x2000000c        0x4 ./system/src/cmsis/system_stm32f4xx.o
                0x2000000c                SystemCoreClock
 .data.impure_data
                0x20000010       0x60 c:/program files (x86)/gnu tools arm embedded/4.8 2014q3/bin/../lib/gcc/arm-none-eabi/4.8.4/../../../../arm-none-eabi/lib/armv7e-m/fpu\libg_s.a(lib_a-impure.o)
 .data._impure_ptr
                0x20000070        0x4 c:/program files (x86)/gnu tools arm embedded/4.8 2014q3/bin/../lib/gcc/arm-none-eabi/4.8.4/../../../../arm-none-eabi/lib/armv7e-m/fpu\libg_s.a(lib_a-impure.o)
                0x20000070                _impure_ptr
 *(.data_end .data_end.*)
 .data_end      0x20000074        0x4 ./system/src/newlib/_startup.o
                0x20000078                . = ALIGN (0x4)
                0x20000078                _edata = .
                0x20000078                __data_end__ = .

.igot.plt       0x20000078        0x0 load address 0x08001d90
 .igot.plt      0x00000000        0x0 ./system/src/stm32f4-hal/stm32f4xx_hal.o

.bss            0x20000078       0xa4 load address 0x08001d90
                0x20000078                . = ALIGN (0x4)
                0x20000078                __bss_start__ = .
                0x20000078                _sbss = .
 *(.bss_begin .bss_begin.*)
 .bss_begin     0x20000078        0x4 ./system/src/newlib/_startup.o
 *(.bss .bss.*)
 .bss.uwTick    0x2000007c        0x4 ./system/src/stm32f4-hal/stm32f4xx_hal.o
 .bss.current_heap_end.3842
                0x20000080        0x4 ./system/src/newlib/_sbrk.o
 .bss.name.4013
                0x20000084        0x4 ./system/src/newlib/_syscalls.o
 .bss.buf.4905  0x20000088       0x80 ./system/src/diag/Trace.o
 .bss.__malloc_sbrk_start
                0x20000108        0x4 c:/program files (x86)/gnu tools arm embedded/4.8 2014q3/bin/../lib/gcc/arm-none-eabi/4.8.4/../../../../arm-none-eabi/lib/armv7e-m/fpu\libg_s.a(lib_a-nano-mallocr.o)
                0x20000108                __malloc_sbrk_start
 .bss.__malloc_free_list
                0x2000010c        0x4 c:/program files (x86)/gnu tools arm embedded/4.8 2014q3/bin/../lib/gcc/arm-none-eabi/4.8.4/../../../../arm-none-eabi/lib/armv7e-m/fpu\libg_s.a(lib_a-nano-mallocr.o)
                0x2000010c                __malloc_free_list
 *(COMMON)
 COMMON         0x20000110        0x4 ./system/src/newlib/_syscalls.o
                0x20000110                errno
 COMMON         0x20000114        0x4 ./src/Timer.o
                0x20000114                timer_delayCount
 *(.bss_end .bss_end.*)
 .bss_end       0x20000118        0x4 ./system/src/newlib/_startup.o
                0x2000011c                . = ALIGN (0x4)
                0x2000011c                __bss_end__ = .
                0x2000011c                _ebss = .

.noinit         0x2000011c        0x0
                0x2000011c                . = ALIGN (0x4)
                0x2000011c                _noinit = .
 *(.noinit .noinit.*)
                0x2000011c                . = ALIGN (0x4)
                0x2000011c                _end_noinit = .
                0x2000011c                PROVIDE (end, _end_noinit)
                0x2000011c                PROVIDE (_end, _end_noinit)
                0x2000011c                PROVIDE (__end, _end_noinit)
                0x2000011c                PROVIDE (__end__, _end_noinit)

._check_stack   0x2000011c      0x100 load address 0x08001e34
                0x2000011c                . = ALIGN (0x4)
                0x2000021c                . = (. + _Minimum_Stack_Size)
 *fill*         0x2000011c      0x100 
                0x2000021c                . = ALIGN (0x4)

.bss_CCMRAM
 *(.bss.CCMRAM .bss.CCMRAM.*)

.b1text
 *(.b1text)
 *(.b1rodata)
 *(.b1rodata.*)

.eb0text
 *(.eb0text)
 *(.eb0rodata)
 *(.eb0rodata.*)

.eb1text
 *(.eb1text)
 *(.eb1rodata)
 *(.eb1rodata.*)

.eb2text
 *(.eb2text)
 *(.eb2rodata)
 *(.eb2rodata.*)

.eb3text
 *(.eb3text)
 *(.eb3rodata)
 *(.eb3rodata.*)

.stab
 *(.stab)

.stabstr
 *(.stabstr)

.stab.excl
 *(.stab.excl)

.stab.exclstr
 *(.stab.exclstr)

.stab.index
 *(.stab.index)

.stab.indexstr
 *(.stab.indexstr)

.comment        0x00000000       0x70
 *(.comment)
 .comment       0x00000000       0x70 ./system/src/stm32f4-hal/stm32f4xx_hal.o
                                 0x71 (size before relaxing)
 .comment       0x00000000       0x71 ./system/src/stm32f4-hal/stm32f4xx_hal_cortex.o
 .comment       0x00000000       0x71 ./system/src/stm32f4-hal/stm32f4xx_hal_gpio.o
 .comment       0x00000000       0x71 ./system/src/stm32f4-hal/stm32f4xx_hal_rcc.o
 .comment       0x00000000       0x71 ./system/src/newlib/_exit.o
 .comment       0x00000000       0x71 ./system/src/newlib/_sbrk.o
 .comment       0x00000000       0x71 ./system/src/newlib/_startup.o
 .comment       0x00000000       0x71 ./system/src/newlib/_syscalls.o
 .comment       0x00000000       0x71 ./system/src/newlib/assert.o
 .comment       0x00000000       0x71 ./system/src/diag/Trace.o
 .comment       0x00000000       0x71 ./system/src/diag/trace_impl.o
 .comment       0x00000000       0x71 ./system/src/cortexm/exception_handlers.o
 .comment       0x00000000       0x71 ./system/src/cmsis/system_stm32f4xx.o
 .comment       0x00000000       0x71 ./system/src/cmsis/vectors_stm32f4xx.o
 .comment       0x00000000       0x71 ./src/BlinkLed.o
 .comment       0x00000000       0x71 ./src/Timer.o
 .comment       0x00000000       0x71 ./src/_initialize_hardware.o
 .comment       0x00000000       0x71 ./src/main.o

.ARM.attributes
                0x00000000       0x39
 .ARM.attributes
                0x00000000       0x39 ./system/src/stm32f4-hal/stm32f4xx_hal.o
 .ARM.attributes
                0x00000039       0x39 ./system/src/stm32f4-hal/stm32f4xx_hal_cortex.o
 .ARM.attributes
                0x00000072       0x39 ./system/src/stm32f4-hal/stm32f4xx_hal_gpio.o
 .ARM.attributes
                0x000000ab       0x39 ./system/src/stm32f4-hal/stm32f4xx_hal_rcc.o
 .ARM.attributes
                0x000000e4       0x39 ./system/src/newlib/_exit.o
 .ARM.attributes
                0x0000011d       0x39 ./system/src/newlib/_sbrk.o
 .ARM.attributes
                0x00000156       0x39 ./system/src/newlib/_startup.o
 .ARM.attributes
                0x0000018f       0x39 ./system/src/newlib/_syscalls.o
 .ARM.attributes
                0x000001c8       0x39 ./system/src/newlib/assert.o
 .ARM.attributes
                0x00000201       0x39 ./system/src/diag/Trace.o
 .ARM.attributes
                0x0000023a       0x39 ./system/src/diag/trace_impl.o
 .ARM.attributes
                0x00000273       0x39 ./system/src/cortexm/exception_handlers.o
 .ARM.attributes
                0x000002ac       0x39 ./system/src/cmsis/system_stm32f4xx.o
 .ARM.attributes
                0x000002e5       0x39 ./system/src/cmsis/vectors_stm32f4xx.o
 .ARM.attributes
                0x0000031e       0x39 ./src/BlinkLed.o
 .ARM.attributes
                0x00000357       0x39 ./src/Timer.o
 .ARM.attributes
                0x00000390       0x39 ./src/_initialize_hardware.o
 .ARM.attributes
                0x000003c9       0x39 ./src/main.o
 .ARM.attributes
                0x00000402       0x34 c:/program files (x86)/gnu tools arm embedded/4.8 2014q3/bin/../lib/gcc/arm-none-eabi/4.8.4/../../../../arm-none-eabi/lib/armv7e-m/fpu\libg_s.a(lib_a-errno.o)
 .ARM.attributes
                0x00000436       0x34 c:/program files (x86)/gnu tools arm embedded/4.8 2014q3/bin/../lib/gcc/arm-none-eabi/4.8.4/../../../../arm-none-eabi/lib/armv7e-m/fpu\libg_s.a(lib_a-impure.o)
 .ARM.attributes
                0x0000046a       0x34 c:/program files (x86)/gnu tools arm embedded/4.8 2014q3/bin/../lib/gcc/arm-none-eabi/4.8.4/../../../../arm-none-eabi/lib/armv7e-m/fpu\libg_s.a(lib_a-strlen.o)
 .ARM.attributes
                0x0000049e       0x34 c:/program files (x86)/gnu tools arm embedded/4.8 2014q3/bin/../lib/gcc/arm-none-eabi/4.8.4/../../../../arm-none-eabi/lib/armv7e-m/fpu\libg_s.a(lib_a-vsnprintf.o)
 .ARM.attributes
                0x000004d2       0x34 c:/program files (x86)/gnu tools arm embedded/4.8 2014q3/bin/../lib/gcc/arm-none-eabi/4.8.4/../../../../arm-none-eabi/lib/armv7e-m/fpu\libg_s.a(lib_a-svfprintf.o)
 .ARM.attributes
                0x00000506       0x34 c:/program files (x86)/gnu tools arm embedded/4.8 2014q3/bin/../lib/gcc/arm-none-eabi/4.8.4/../../../../arm-none-eabi/lib/armv7e-m/fpu\libg_s.a(lib_a-vfprintf_i.o)
 .ARM.attributes
                0x0000053a       0x34 c:/program files (x86)/gnu tools arm embedded/4.8 2014q3/bin/../lib/gcc/arm-none-eabi/4.8.4/../../../../arm-none-eabi/lib/armv7e-m/fpu\libg_s.a(lib_a-memchr-stub.o)
 .ARM.attributes
                0x0000056e       0x34 c:/program files (x86)/gnu tools arm embedded/4.8 2014q3/bin/../lib/gcc/arm-none-eabi/4.8.4/../../../../arm-none-eabi/lib/armv7e-m/fpu\libg_s.a(lib_a-memcpy-stub.o)
 .ARM.attributes
                0x000005a2       0x34 c:/program files (x86)/gnu tools arm embedded/4.8 2014q3/bin/../lib/gcc/arm-none-eabi/4.8.4/../../../../arm-none-eabi/lib/armv7e-m/fpu\libg_s.a(lib_a-memmove.o)
 .ARM.attributes
                0x000005d6       0x34 c:/program files (x86)/gnu tools arm embedded/4.8 2014q3/bin/../lib/gcc/arm-none-eabi/4.8.4/../../../../arm-none-eabi/lib/armv7e-m/fpu\libg_s.a(lib_a-nano-freer.o)
 .ARM.attributes
                0x0000060a       0x34 c:/program files (x86)/gnu tools arm embedded/4.8 2014q3/bin/../lib/gcc/arm-none-eabi/4.8.4/../../../../arm-none-eabi/lib/armv7e-m/fpu\libg_s.a(lib_a-nano-mallocr.o)
 .ARM.attributes
                0x0000063e       0x34 c:/program files (x86)/gnu tools arm embedded/4.8 2014q3/bin/../lib/gcc/arm-none-eabi/4.8.4/../../../../arm-none-eabi/lib/armv7e-m/fpu\libg_s.a(lib_a-nano-reallocr.o)
 .ARM.attributes
                0x00000672       0x34 c:/program files (x86)/gnu tools arm embedded/4.8 2014q3/bin/../lib/gcc/arm-none-eabi/4.8.4/../../../../arm-none-eabi/lib/armv7e-m/fpu\libg_s.a(lib_a-sbrkr.o)
 .ARM.attributes
                0x000006a6       0x34 c:/program files (x86)/gnu tools arm embedded/4.8 2014q3/bin/../lib/gcc/arm-none-eabi/4.8.4/../../../../arm-none-eabi/lib/armv7e-m/fpu\libg_s.a(lib_a-nano-msizer.o)

.debug
 *(.debug)

.line
 *(.line)

.debug_srcinfo
 *(.debug_srcinfo)

.debug_sfnames
 *(.debug_sfnames)

.debug_aranges  0x00000000      0x4c8
 *(.debug_aranges)
 .debug_aranges
                0x00000000       0xc0 ./system/src/stm32f4-hal/stm32f4xx_hal.o
 .debug_aranges
                0x000000c0       0x90 ./system/src/stm32f4-hal/stm32f4xx_hal_cortex.o
 .debug_aranges
                0x00000150       0x58 ./system/src/stm32f4-hal/stm32f4xx_hal_gpio.o
 .debug_aranges
                0x000001a8       0x88 ./system/src/stm32f4-hal/stm32f4xx_hal_rcc.o
 .debug_aranges
                0x00000230       0x28 ./system/src/newlib/_exit.o
 .debug_aranges
                0x00000258       0x20 ./system/src/newlib/_sbrk.o
 .debug_aranges
                0x00000278       0x40 ./system/src/newlib/_startup.o
 .debug_aranges
                0x000002b8       0x30 ./system/src/newlib/_syscalls.o
 .debug_aranges
                0x000002e8       0x28 ./system/src/newlib/assert.o
 .debug_aranges
                0x00000310       0x38 ./system/src/diag/Trace.o
 .debug_aranges
                0x00000348       0x30 ./system/src/diag/trace_impl.o
 .debug_aranges
                0x00000378       0x68 ./system/src/cortexm/exception_handlers.o
 .debug_aranges
                0x000003e0       0x28 ./system/src/cmsis/system_stm32f4xx.o
 .debug_aranges
                0x00000408       0x20 ./system/src/cmsis/vectors_stm32f4xx.o
 .debug_aranges
                0x00000428       0x20 ./src/BlinkLed.o
 .debug_aranges
                0x00000448       0x38 ./src/Timer.o
 .debug_aranges
                0x00000480       0x28 ./src/_initialize_hardware.o
 .debug_aranges
                0x000004a8       0x20 ./src/main.o

.debug_pubnames
 *(.debug_pubnames)

.debug_info     0x00000000     0x5c8d
 *(.debug_info .gnu.linkonce.wi.*)
 .debug_info    0x00000000      0x881 ./system/src/stm32f4-hal/stm32f4xx_hal.o
 .debug_info    0x00000881      0xd71 ./system/src/stm32f4-hal/stm32f4xx_hal_cortex.o
 .debug_info    0x000015f2      0x807 ./system/src/stm32f4-hal/stm32f4xx_hal_gpio.o
 .debug_info    0x00001df9     0x1317 ./system/src/stm32f4-hal/stm32f4xx_hal_rcc.o
 .debug_info    0x00003110      0x100 ./system/src/newlib/_exit.o
 .debug_info    0x00003210      0x125 ./system/src/newlib/_sbrk.o
 .debug_info    0x00003335      0x45e ./system/src/newlib/_startup.o
 .debug_info    0x00003793      0x1a9 ./system/src/newlib/_syscalls.o
 .debug_info    0x0000393c      0x1b7 ./system/src/newlib/assert.o
 .debug_info    0x00003af3      0x325 ./system/src/diag/Trace.o
 .debug_info    0x00003e18      0x3d2 ./system/src/diag/trace_impl.o
 .debug_info    0x000041ea       0xe9 ./system/src/cortexm/exception_handlers.o
 .debug_info    0x000042d3      0x486 ./system/src/cmsis/system_stm32f4xx.o
 .debug_info    0x00004759       0x92 ./system/src/cmsis/vectors_stm32f4xx.o
 .debug_info    0x000047eb      0x419 ./src/BlinkLed.o
 .debug_info    0x00004c04      0x70e ./src/Timer.o
 .debug_info    0x00005312      0x624 ./src/_initialize_hardware.o
 .debug_info    0x00005936      0x357 ./src/main.o

.debug_abbrev   0x00000000     0x19f8
 *(.debug_abbrev)
 .debug_abbrev  0x00000000      0x1f7 ./system/src/stm32f4-hal/stm32f4xx_hal.o
 .debug_abbrev  0x000001f7      0x2c5 ./system/src/stm32f4-hal/stm32f4xx_hal_cortex.o
 .debug_abbrev  0x000004bc      0x1fe ./system/src/stm32f4-hal/stm32f4xx_hal_gpio.o
 .debug_abbrev  0x000006ba      0x2fb ./system/src/stm32f4-hal/stm32f4xx_hal_rcc.o
 .debug_abbrev  0x000009b5       0xa4 ./system/src/newlib/_exit.o
 .debug_abbrev  0x00000a59       0xbb ./system/src/newlib/_sbrk.o
 .debug_abbrev  0x00000b14      0x1da ./system/src/newlib/_startup.o
 .debug_abbrev  0x00000cee       0xe7 ./system/src/newlib/_syscalls.o
 .debug_abbrev  0x00000dd5       0xc9 ./system/src/newlib/assert.o
 .debug_abbrev  0x00000e9e      0x178 ./system/src/diag/Trace.o
 .debug_abbrev  0x00001016      0x188 ./system/src/diag/trace_impl.o
 .debug_abbrev  0x0000119e       0x65 ./system/src/cortexm/exception_handlers.o
 .debug_abbrev  0x00001203      0x104 ./system/src/cmsis/system_stm32f4xx.o
 .debug_abbrev  0x00001307       0x92 ./system/src/cmsis/vectors_stm32f4xx.o
 .debug_abbrev  0x00001399      0x162 ./src/BlinkLed.o
 .debug_abbrev  0x000014fb      0x1b3 ./src/Timer.o
 .debug_abbrev  0x000016ae      0x185 ./src/_initialize_hardware.o
 .debug_abbrev  0x00001833      0x1c5 ./src/main.o

.debug_line     0x00000000     0x66c0
 *(.debug_line)
 .debug_line    0x00000000      0x852 ./system/src/stm32f4-hal/stm32f4xx_hal.o
 .debug_line    0x00000852      0x88a ./system/src/stm32f4-hal/stm32f4xx_hal_cortex.o
 .debug_line    0x000010dc      0x863 ./system/src/stm32f4-hal/stm32f4xx_hal_gpio.o
 .debug_line    0x0000193f      0xbeb ./system/src/stm32f4-hal/stm32f4xx_hal_rcc.o
 .debug_line    0x0000252a      0x2b2 ./system/src/newlib/_exit.o
 .debug_line    0x000027dc      0x264 ./system/src/newlib/_sbrk.o
 .debug_line    0x00002a40      0x32b ./system/src/newlib/_startup.o
 .debug_line    0x00002d6b      0x367 ./system/src/newlib/_syscalls.o
 .debug_line    0x000030d2      0x2ed ./system/src/newlib/assert.o
 .debug_line    0x000033bf      0x380 ./system/src/diag/Trace.o
 .debug_line    0x0000373f      0x8f0 ./system/src/diag/trace_impl.o
 .debug_line    0x0000402f       0x9f ./system/src/cortexm/exception_handlers.o
 .debug_line    0x000040ce      0x70a ./system/src/cmsis/system_stm32f4xx.o
 .debug_line    0x000047d8       0x89 ./system/src/cmsis/vectors_stm32f4xx.o
 .debug_line    0x00004861      0x6e7 ./src/BlinkLed.o
 .debug_line    0x00004f48      0x75f ./src/Timer.o
 .debug_line    0x000056a7      0x6fb ./src/_initialize_hardware.o
 .debug_line    0x00005da2      0x91e ./src/main.o

.debug_frame    0x00000000      0xbf4
 *(.debug_frame)
 .debug_frame   0x00000000      0x184 ./system/src/stm32f4-hal/stm32f4xx_hal.o
 .debug_frame   0x00000184      0x134 ./system/src/stm32f4-hal/stm32f4xx_hal_cortex.o
 .debug_frame   0x000002b8       0xf4 ./system/src/stm32f4-hal/stm32f4xx_hal_gpio.o
 .debug_frame   0x000003ac      0x140 ./system/src/stm32f4-hal/stm32f4xx_hal_rcc.o
 .debug_frame   0x000004ec       0x38 ./system/src/newlib/_exit.o
 .debug_frame   0x00000524       0x28 ./system/src/newlib/_sbrk.o
 .debug_frame   0x0000054c       0x80 ./system/src/newlib/_startup.o
 .debug_frame   0x000005cc       0x50 ./system/src/newlib/_syscalls.o
 .debug_frame   0x0000061c       0x40 ./system/src/newlib/assert.o
 .debug_frame   0x0000065c       0x84 ./system/src/diag/Trace.o
 .debug_frame   0x000006e0       0x50 ./system/src/diag/trace_impl.o
 .debug_frame   0x00000730       0xb8 ./system/src/cortexm/exception_handlers.o
 .debug_frame   0x000007e8       0x30 ./system/src/cmsis/system_stm32f4xx.o
 .debug_frame   0x00000818       0x20 ./system/src/cmsis/vectors_stm32f4xx.o
 .debug_frame   0x00000838       0x2c ./src/BlinkLed.o
 .debug_frame   0x00000864       0x58 ./src/Timer.o
 .debug_frame   0x000008bc       0x44 ./src/_initialize_hardware.o
 .debug_frame   0x00000900       0x30 ./src/main.o
 .debug_frame   0x00000930       0x20 c:/program files (x86)/gnu tools arm embedded/4.8 2014q3/bin/../lib/gcc/arm-none-eabi/4.8.4/../../../../arm-none-eabi/lib/armv7e-m/fpu\libg_s.a(lib_a-errno.o)
 .debug_frame   0x00000950       0x20 c:/program files (x86)/gnu tools arm embedded/4.8 2014q3/bin/../lib/gcc/arm-none-eabi/4.8.4/../../../../arm-none-eabi/lib/armv7e-m/fpu\libg_s.a(lib_a-strlen.o)
 .debug_frame   0x00000970       0x4c c:/program files (x86)/gnu tools arm embedded/4.8 2014q3/bin/../lib/gcc/arm-none-eabi/4.8.4/../../../../arm-none-eabi/lib/armv7e-m/fpu\libg_s.a(lib_a-vsnprintf.o)
 .debug_frame   0x000009bc       0x88 c:/program files (x86)/gnu tools arm embedded/4.8 2014q3/bin/../lib/gcc/arm-none-eabi/4.8.4/../../../../arm-none-eabi/lib/armv7e-m/fpu\libg_s.a(lib_a-svfprintf.o)
 .debug_frame   0x00000a44       0x60 c:/program files (x86)/gnu tools arm embedded/4.8 2014q3/bin/../lib/gcc/arm-none-eabi/4.8.4/../../../../arm-none-eabi/lib/armv7e-m/fpu\libg_s.a(lib_a-vfprintf_i.o)
 .debug_frame   0x00000aa4       0x28 c:/program files (x86)/gnu tools arm embedded/4.8 2014q3/bin/../lib/gcc/arm-none-eabi/4.8.4/../../../../arm-none-eabi/lib/armv7e-m/fpu\libg_s.a(lib_a-memchr-stub.o)
 .debug_frame   0x00000acc       0x28 c:/program files (x86)/gnu tools arm embedded/4.8 2014q3/bin/../lib/gcc/arm-none-eabi/4.8.4/../../../../arm-none-eabi/lib/armv7e-m/fpu\libg_s.a(lib_a-memcpy-stub.o)
 .debug_frame   0x00000af4       0x2c c:/program files (x86)/gnu tools arm embedded/4.8 2014q3/bin/../lib/gcc/arm-none-eabi/4.8.4/../../../../arm-none-eabi/lib/armv7e-m/fpu\libg_s.a(lib_a-memmove.o)
 .debug_frame   0x00000b20       0x2c c:/program files (x86)/gnu tools arm embedded/4.8 2014q3/bin/../lib/gcc/arm-none-eabi/4.8.4/../../../../arm-none-eabi/lib/armv7e-m/fpu\libg_s.a(lib_a-nano-freer.o)
 .debug_frame   0x00000b4c       0x2c c:/program files (x86)/gnu tools arm embedded/4.8 2014q3/bin/../lib/gcc/arm-none-eabi/4.8.4/../../../../arm-none-eabi/lib/armv7e-m/fpu\libg_s.a(lib_a-nano-mallocr.o)
 .debug_frame   0x00000b78       0x30 c:/program files (x86)/gnu tools arm embedded/4.8 2014q3/bin/../lib/gcc/arm-none-eabi/4.8.4/../../../../arm-none-eabi/lib/armv7e-m/fpu\libg_s.a(lib_a-nano-reallocr.o)
 .debug_frame   0x00000ba8       0x2c c:/program files (x86)/gnu tools arm embedded/4.8 2014q3/bin/../lib/gcc/arm-none-eabi/4.8.4/../../../../arm-none-eabi/lib/armv7e-m/fpu\libg_s.a(lib_a-sbrkr.o)
 .debug_frame   0x00000bd4       0x20 c:/program files (x86)/gnu tools arm embedded/4.8 2014q3/bin/../lib/gcc/arm-none-eabi/4.8.4/../../../../arm-none-eabi/lib/armv7e-m/fpu\libg_s.a(lib_a-nano-msizer.o)

.debug_str      0x00000000    0x833ba
 *(.debug_str)
 .debug_str     0x00000000    0x7ccf4 ./system/src/stm32f4-hal/stm32f4xx_hal.o
                              0x7ceb1 (size before relaxing)
 .debug_str     0x0007ccf4      0x2a3 ./system/src/stm32f4-hal/stm32f4xx_hal_cortex.o
                              0x7cc7d (size before relaxing)
 .debug_str     0x0007cf97      0x5fe ./system/src/stm32f4-hal/stm32f4xx_hal_gpio.o
                              0x7caae (size before relaxing)
 .debug_str     0x0007d595      0x437 ./system/src/stm32f4-hal/stm32f4xx_hal_rcc.o
                              0x7c9be (size before relaxing)
 .debug_str     0x0007d9cc     0x2989 ./system/src/newlib/_exit.o
                               0x4f2d (size before relaxing)
 .debug_str     0x00080355      0x4de ./system/src/newlib/_sbrk.o
                               0x44e3 (size before relaxing)
 .debug_str     0x00080833      0x24c ./system/src/newlib/_startup.o
                               0x409f (size before relaxing)
 .debug_str     0x00080a7f      0xc2d ./system/src/newlib/_syscalls.o
                               0x5152 (size before relaxing)
 .debug_str     0x000816ac       0xd5 ./system/src/newlib/assert.o
                               0x5a32 (size before relaxing)
 .debug_str     0x00081781     0x175d ./system/src/diag/Trace.o
                               0x6614 (size before relaxing)
 .debug_str     0x00082ede       0xd7 ./system/src/diag/trace_impl.o
                              0x7e175 (size before relaxing)
 .debug_str     0x00082fb5       0xe8 ./system/src/cortexm/exception_handlers.o
                               0x256f (size before relaxing)
 .debug_str     0x0008309d       0x67 ./system/src/cmsis/system_stm32f4xx.o
                              0x7c52d (size before relaxing)
 .debug_str     0x00083104       0x57 ./system/src/cmsis/vectors_stm32f4xx.o
                               0x250c (size before relaxing)
 .debug_str     0x0008315b      0x12f ./src/BlinkLed.o
                              0x7c621 (size before relaxing)
 .debug_str     0x0008328a       0x76 ./src/Timer.o
                              0x7ca1a (size before relaxing)
 .debug_str     0x00083300       0x35 ./src/_initialize_hardware.o
                              0x7c66e (size before relaxing)
 .debug_str     0x00083335       0x85 ./src/main.o
                              0x7f633 (size before relaxing)

.debug_loc      0x00000000     0x1ae7
 *(.debug_loc)
 .debug_loc     0x00000000       0x6a ./system/src/stm32f4-hal/stm32f4xx_hal.o
 .debug_loc     0x0000006a      0x63b ./system/src/stm32f4-hal/stm32f4xx_hal_cortex.o
 .debug_loc     0x000006a5      0x40d ./system/src/stm32f4-hal/stm32f4xx_hal_gpio.o
 .debug_loc     0x00000ab2      0x893 ./system/src/stm32f4-hal/stm32f4xx_hal_rcc.o
 .debug_loc     0x00001345       0x6b ./system/src/newlib/_sbrk.o
 .debug_loc     0x000013b0      0x265 ./system/src/newlib/_startup.o
 .debug_loc     0x00001615       0x63 ./system/src/newlib/_syscalls.o
 .debug_loc     0x00001678      0x102 ./system/src/newlib/assert.o
 .debug_loc     0x0000177a       0xf7 ./system/src/diag/Trace.o
 .debug_loc     0x00001871       0x97 ./system/src/diag/trace_impl.o
 .debug_loc     0x00001908      0x125 ./system/src/cmsis/system_stm32f4xx.o
 .debug_loc     0x00001a2d       0x59 ./src/Timer.o
 .debug_loc     0x00001a86       0x61 ./src/main.o

.debug_macinfo
 *(.debug_macinfo)

.debug_weaknames
 *(.debug_weaknames)

.debug_funcnames
 *(.debug_funcnames)

.debug_typenames
 *(.debug_typenames)

.debug_varnames
 *(.debug_varnames)
OUTPUT(Minta.elf elf32-littlearm)

.debug_ranges   0x00000000      0x3d8
 .debug_ranges  0x00000000       0xb0 ./system/src/stm32f4-hal/stm32f4xx_hal.o
 .debug_ranges  0x000000b0       0x80 ./system/src/stm32f4-hal/stm32f4xx_hal_cortex.o
 .debug_ranges  0x00000130       0x48 ./system/src/stm32f4-hal/stm32f4xx_hal_gpio.o
 .debug_ranges  0x00000178       0x78 ./system/src/stm32f4-hal/stm32f4xx_hal_rcc.o
 .debug_ranges  0x000001f0       0x18 ./system/src/newlib/_exit.o
 .debug_ranges  0x00000208       0x10 ./system/src/newlib/_sbrk.o
 .debug_ranges  0x00000218       0x48 ./system/src/newlib/_startup.o
 .debug_ranges  0x00000260       0x20 ./system/src/newlib/_syscalls.o
 .debug_ranges  0x00000280       0x18 ./system/src/newlib/assert.o
 .debug_ranges  0x00000298       0x28 ./system/src/diag/Trace.o
 .debug_ranges  0x000002c0       0x20 ./system/src/diag/trace_impl.o
 .debug_ranges  0x000002e0       0x58 ./system/src/cortexm/exception_handlers.o
 .debug_ranges  0x00000338       0x18 ./system/src/cmsis/system_stm32f4xx.o
 .debug_ranges  0x00000350       0x10 ./system/src/cmsis/vectors_stm32f4xx.o
 .debug_ranges  0x00000360       0x10 ./src/BlinkLed.o
 .debug_ranges  0x00000370       0x28 ./src/Timer.o
 .debug_ranges  0x00000398       0x18 ./src/_initialize_hardware.o
 .debug_ranges  0x000003b0       0x28 ./src/main.o

.debug_macro    0x00000000    0x14aa1
 .debug_macro   0x00000000      0x333 ./system/src/stm32f4-hal/stm32f4xx_hal.o
 .debug_macro   0x00000333      0x880 ./system/src/stm32f4-hal/stm32f4xx_hal.o
 .debug_macro   0x00000bb3      0x250 ./system/src/stm32f4-hal/stm32f4xx_hal.o
 .debug_macro   0x00000e03       0x28 ./system/src/stm32f4-hal/stm32f4xx_hal.o
 .debug_macro   0x00000e2b       0x28 ./system/src/stm32f4-hal/stm32f4xx_hal.o
 .debug_macro   0x00000e53       0x3b ./system/src/stm32f4-hal/stm32f4xx_hal.o
 .debug_macro   0x00000e8e      0x34e ./system/src/stm32f4-hal/stm32f4xx_hal.o
 .debug_macro   0x000011dc       0x2d ./system/src/stm32f4-hal/stm32f4xx_hal.o
 .debug_macro   0x00001209       0x26 ./system/src/stm32f4-hal/stm32f4xx_hal.o
 .debug_macro   0x0000122f      0xd39 ./system/src/stm32f4-hal/stm32f4xx_hal.o
 .debug_macro   0x00001f68     0x8fae ./system/src/stm32f4-hal/stm32f4xx_hal.o
 .debug_macro   0x0000af16       0x43 ./system/src/stm32f4-hal/stm32f4xx_hal.o
 .debug_macro   0x0000af59       0x57 ./system/src/stm32f4-hal/stm32f4xx_hal.o
 .debug_macro   0x0000afb0      0xb9c ./system/src/stm32f4-hal/stm32f4xx_hal.o
 .debug_macro   0x0000bb4c      0x40f ./system/src/stm32f4-hal/stm32f4xx_hal.o
 .debug_macro   0x0000bf5b      0x13f ./system/src/stm32f4-hal/stm32f4xx_hal.o
 .debug_macro   0x0000c09a      0x137 ./system/src/stm32f4-hal/stm32f4xx_hal.o
 .debug_macro   0x0000c1d1      0x2cd ./system/src/stm32f4-hal/stm32f4xx_hal.o
 .debug_macro   0x0000c49e       0x52 ./system/src/stm32f4-hal/stm32f4xx_hal.o
 .debug_macro   0x0000c4f0      0x3ec ./system/src/stm32f4-hal/stm32f4xx_hal.o
 .debug_macro   0x0000c8dc      0x14c ./system/src/stm32f4-hal/stm32f4xx_hal.o
 .debug_macro   0x0000ca28      0x3c2 ./system/src/stm32f4-hal/stm32f4xx_hal.o
 .debug_macro   0x0000cdea       0x22 ./system/src/stm32f4-hal/stm32f4xx_hal.o
 .debug_macro   0x0000ce0c      0x11f ./system/src/stm32f4-hal/stm32f4xx_hal.o
 .debug_macro   0x0000cf2b       0xcd ./system/src/stm32f4-hal/stm32f4xx_hal.o
 .debug_macro   0x0000cff8      0x1d1 ./system/src/stm32f4-hal/stm32f4xx_hal.o
 .debug_macro   0x0000d1c9      0xde0 ./system/src/stm32f4-hal/stm32f4xx_hal.o
 .debug_macro   0x0000dfa9      0x132 ./system/src/stm32f4-hal/stm32f4xx_hal.o
 .debug_macro   0x0000e0db      0x217 ./system/src/stm32f4-hal/stm32f4xx_hal.o
 .debug_macro   0x0000e2f2      0x503 ./system/src/stm32f4-hal/stm32f4xx_hal.o
 .debug_macro   0x0000e7f5       0x88 ./system/src/stm32f4-hal/stm32f4xx_hal.o
 .debug_macro   0x0000e87d       0xd5 ./system/src/stm32f4-hal/stm32f4xx_hal.o
 .debug_macro   0x0000e952       0xa1 ./system/src/stm32f4-hal/stm32f4xx_hal.o
 .debug_macro   0x0000e9f3      0x1e6 ./system/src/stm32f4-hal/stm32f4xx_hal.o
 .debug_macro   0x0000ebd9      0x1ae ./system/src/stm32f4-hal/stm32f4xx_hal.o
 .debug_macro   0x0000ed87       0xa4 ./system/src/stm32f4-hal/stm32f4xx_hal.o
 .debug_macro   0x0000ee2b      0x16e ./system/src/stm32f4-hal/stm32f4xx_hal.o
 .debug_macro   0x0000ef99       0x52 ./system/src/stm32f4-hal/stm32f4xx_hal.o
 .debug_macro   0x0000efeb       0x6c ./system/src/stm32f4-hal/stm32f4xx_hal.o
 .debug_macro   0x0000f057      0x3d7 ./system/src/stm32f4-hal/stm32f4xx_hal.o
 .debug_macro   0x0000f42e      0x313 ./system/src/stm32f4-hal/stm32f4xx_hal.o
 .debug_macro   0x0000f741      0x4b7 ./system/src/stm32f4-hal/stm32f4xx_hal.o
 .debug_macro   0x0000fbf8      0x22b ./system/src/stm32f4-hal/stm32f4xx_hal.o
 .debug_macro   0x0000fe23      0x1d1 ./system/src/stm32f4-hal/stm32f4xx_hal.o
 .debug_macro   0x0000fff4      0x84c ./system/src/stm32f4-hal/stm32f4xx_hal.o
 .debug_macro   0x00010840       0x4d ./system/src/stm32f4-hal/stm32f4xx_hal.o
 .debug_macro   0x0001088d      0x23a ./system/src/stm32f4-hal/stm32f4xx_hal.o
 .debug_macro   0x00010ac7      0x1d8 ./system/src/stm32f4-hal/stm32f4xx_hal.o
 .debug_macro   0x00010c9f      0x168 ./system/src/stm32f4-hal/stm32f4xx_hal.o
 .debug_macro   0x00010e07      0x1d8 ./system/src/stm32f4-hal/stm32f4xx_hal.o
 .debug_macro   0x00010fdf       0x85 ./system/src/stm32f4-hal/stm32f4xx_hal.o
 .debug_macro   0x00011064      0x1df ./system/src/stm32f4-hal/stm32f4xx_hal.o
 .debug_macro   0x00011243      0x108 ./system/src/stm32f4-hal/stm32f4xx_hal.o
 .debug_macro   0x0001134b       0x12 ./system/src/stm32f4-hal/stm32f4xx_hal.o
 .debug_macro   0x0001135d       0x74 ./system/src/stm32f4-hal/stm32f4xx_hal.o
 .debug_macro   0x000113d1      0x126 ./system/src/stm32f4-hal/stm32f4xx_hal.o
 .debug_macro   0x000114f7      0x2e5 ./system/src/stm32f4-hal/stm32f4xx_hal_cortex.o
 .debug_macro   0x000117dc      0x324 ./system/src/stm32f4-hal/stm32f4xx_hal_gpio.o
 .debug_macro   0x00011b00      0x327 ./system/src/stm32f4-hal/stm32f4xx_hal_rcc.o
 .debug_macro   0x00011e27      0x11b ./system/src/newlib/_exit.o
 .debug_macro   0x00011f42       0xa3 ./system/src/newlib/_exit.o
 .debug_macro   0x00011fe5      0x10e ./system/src/newlib/_exit.o
 .debug_macro   0x000120f3       0x86 ./system/src/newlib/_exit.o
 .debug_macro   0x00012179       0x43 ./system/src/newlib/_exit.o
 .debug_macro   0x000121bc       0x10 ./system/src/newlib/_exit.o
 .debug_macro   0x000121cc       0x35 ./system/src/newlib/_exit.o
 .debug_macro   0x00012201       0xd1 ./system/src/newlib/_sbrk.o
 .debug_macro   0x000122d2       0x19 ./system/src/newlib/_sbrk.o
 .debug_macro   0x000122eb      0x16d ./system/src/newlib/_sbrk.o
 .debug_macro   0x00012458       0x10 ./system/src/newlib/_sbrk.o
 .debug_macro   0x00012468      0x23b ./system/src/newlib/_sbrk.o
 .debug_macro   0x000126a3       0xdb ./system/src/newlib/_startup.o
 .debug_macro   0x0001277e      0x169 ./system/src/newlib/_syscalls.o
 .debug_macro   0x000128e7       0x1c ./system/src/newlib/_syscalls.o
 .debug_macro   0x00012903       0x10 ./system/src/newlib/_syscalls.o
 .debug_macro   0x00012913       0x10 ./system/src/newlib/_syscalls.o
 .debug_macro   0x00012923       0x10 ./system/src/newlib/_syscalls.o
 .debug_macro   0x00012933       0x35 ./system/src/newlib/_syscalls.o
 .debug_macro   0x00012968      0x120 ./system/src/newlib/_syscalls.o
 .debug_macro   0x00012a88       0x22 ./system/src/newlib/_syscalls.o
 .debug_macro   0x00012aaa       0x2b ./system/src/newlib/_syscalls.o
 .debug_macro   0x00012ad5      0x118 ./system/src/newlib/_syscalls.o
 .debug_macro   0x00012bed      0x13a ./system/src/newlib/_syscalls.o
 .debug_macro   0x00012d27       0x16 ./system/src/newlib/_syscalls.o
 .debug_macro   0x00012d3d      0x137 ./system/src/newlib/assert.o
 .debug_macro   0x00012e74       0x1c ./system/src/newlib/assert.o
 .debug_macro   0x00012e90      0x15a ./system/src/diag/Trace.o
 .debug_macro   0x00012fea       0x16 ./system/src/diag/Trace.o
 .debug_macro   0x00013000       0x97 ./system/src/diag/Trace.o
 .debug_macro   0x00013097       0x10 ./system/src/diag/Trace.o
 .debug_macro   0x000130a7       0xf6 ./system/src/diag/Trace.o
 .debug_macro   0x0001319d       0x16 ./system/src/diag/Trace.o
 .debug_macro   0x000131b3      0x16c ./system/src/diag/Trace.o
 .debug_macro   0x0001331f       0x52 ./system/src/diag/Trace.o
 .debug_macro   0x00013371      0x283 ./system/src/diag/Trace.o
 .debug_macro   0x000135f4       0x10 ./system/src/diag/Trace.o
 .debug_macro   0x00013604       0x1f ./system/src/diag/Trace.o
 .debug_macro   0x00013623      0x3bb ./system/src/diag/trace_impl.o
 .debug_macro   0x000139de       0x1b ./system/src/cortexm/exception_handlers.o
 .debug_macro   0x000139f9      0x2eb ./system/src/cmsis/system_stm32f4xx.o
 .debug_macro   0x00013ce4       0x1b ./system/src/cmsis/vectors_stm32f4xx.o
 .debug_macro   0x00013cff      0x2f4 ./src/BlinkLed.o
 .debug_macro   0x00013ff3       0x28 ./src/BlinkLed.o
 .debug_macro   0x0001401b      0x309 ./src/Timer.o
 .debug_macro   0x00014324      0x2e5 ./src/_initialize_hardware.o
 .debug_macro   0x00014609      0x419 ./src/main.o
 .debug_macro   0x00014a22       0x51 ./src/main.o
 .debug_macro   0x00014a73       0x2e ./src/main.o
